﻿[dotenv@17.3.1] injecting env (4) from .env -- tip: ΓÜÖ∩╕Å  enable debug logging with { debug: true }
[dotenv@17.3.1] injecting env (0) from .env -- tip: ΓÜÖ∩╕Å  enable debug logging with { debug: true }
Testing analyzeEmotion...
node : AI Analysis Error: GoogleGenerativeAIFetchError: 
[GoogleGenerativeAI Error]: Error fetching from https://generativel
anguage.googleapis.com/v1beta/models/gemini-1.5-flash:generateConte
nt: [404 Not Found] models/gemini-1.5-flash is not found for API 
version v1beta, or is not supported for generateContent. Call 
ListModels to see the list of available models and their supported 
methods.
At line:1 char:1
+ node test_ai.js > test_output.txt 2>&1
+ ~~~~~~~~~~~~~~~~~~~~~~~~~~~~~~~~~~~~~~
    + CategoryInfo          : NotSpecified: (AI Analysis Err...por 
   ted methods.:String) [], RemoteException
    + FullyQualifiedErrorId : NativeCommandError
 
    at handleResponseNotOk (file:///C:/Users/yadne/OneDrive/Desktop
/hackthon/server/node_modules/@google/generative-ai/dist/index.mjs:
432:11)
    at process.processTicksAndRejections 
(node:internal/process/task_queues:103:5)
    at async makeRequest (file:///C:/Users/yadne/OneDrive/Desktop/h
ackthon/server/node_modules/@google/generative-ai/dist/index.mjs:40
1:9)
    at async generateContent (file:///C:/Users/yadne/OneDrive/Deskt
op/hackthon/server/node_modules/@google/generative-ai/dist/index.mj
s:865:22)
    at async analyzeEmotion (file:///C:/Users/yadne/OneDrive/Deskto
p/hackthon/server/ai.js:24:20)
    at async test (file:///C:/Users/yadne/OneDrive/Desktop/hackthon
/server/test_ai.js:8:25) {
  status: 404,
  statusText: 'Not Found',
  errorDetails: undefined
}
Emotion Result: { emotion: 'Neutral', risk: 'Low' }

Testing generateResponse...
AI Response Generation Error: GoogleGenerativeAIFetchError: 
[GoogleGenerativeAI Error]: Error fetching from https://generativel
anguage.googleapis.com/v1beta/models/gemini-1.5-flash:generateConte
nt: [404 Not Found] models/gemini-1.5-flash is not found for API 
version v1beta, or is not supported for generateContent. Call 
ListModels to see the list of available models and their supported 
methods.
    at handleResponseNotOk (file:///C:/Users/yadne/OneDrive/Desktop
/hackthon/server/node_modules/@google/generative-ai/dist/index.mjs:
432:11)
    at process.processTicksAndRejections 
(node:internal/process/task_queues:103:5)
    at async makeRequest (file:///C:/Users/yadne/OneDrive/Desktop/h
ackthon/server/node_modules/@google/generative-ai/dist/index.mjs:40
1:9)
    at async generateContent (file:///C:/Users/yadne/OneDrive/Deskt
op/hackthon/server/node_modules/@google/generative-ai/dist/index.mj
s:865:22)
    at async generateResponse (file:///C:/Users/yadne/OneDrive/Desk
top/hackthon/server/ai.js:65:20)
    at async test (file:///C:/Users/yadne/OneDrive/Desktop/hackthon
/server/test_ai.js:12:26) {
Response: I'm here for you, but I'm having a little trouble thinking of the right words right now. How else can I support you?
  status: 404,
  statusText: 'Not Found',
  errorDetails: undefined
}
